
[1m[46m RUN [49m[22m [36mv4.1.1 [39m[90mC:/Users/User/Downloads/Developement/Bill[39m

 [32mΓ£ô[39m src/simple.test.ts [2m([22m[2m1 test[22m[2m)[22m[32m 9[2mms[22m[39m
 [32mΓ£ô[39m src/test/integration/RLSVerification.test.ts [2m([22m[2m2 tests[22m[2m)[22m[32m 8[2mms[22m[39m
[90mstdout[2m | src/features/invoices/utils/calculations.test.ts
[22m[39m--- TEST FILE LOADING ---

 [32mΓ£ô[39m src/features/invoices/utils/calculations.test.ts [2m([22m[2m5 tests[22m[2m)[22m[32m 23[2mms[22m[39m
 [2m[90mΓåô[39m[22m src/test/integration/RealSupabase.test.ts [2m([22m[2m2 tests[22m[2m | [22m[33m2 skipped[39m[2m)[22m
 [32mΓ£ô[39m src/test/integration/ProductionSafety.test.ts [2m([22m[2m2 tests[22m[2m)[22m[32m 15[2mms[22m[39m
 [31mΓ¥»[39m src/shared/utils/storage.test.ts [2m([22m[2m5 tests[22m[2m | [22m[31m5 failed[39m[2m)[22m[33m 512[2mms[22m[39m
[31m       [31m├ù[31m calls supabase.from("customers") when saving a customer[39m[33m 489[2mms[22m[39m
[31m       [31m├ù[31m calls supabase.from("customers") when fetching customers[39m[32m 2[2mms[22m[39m
[31m       [31m├ù[31m calls supabase.from("invoices") when saving an invoice[39m[32m 3[2mms[22m[39m
[31m       [31m├ù[31m calls supabase.from("invoices") when fetching invoices[39m[32m 9[2mms[22m[39m
[31m       [31m├ù[31m passes different user IDs to supabase queries for different users[39m[32m 2[2mms[22m[39m
 [32mΓ£ô[39m src/test/integration/RaceCondition.test.ts [2m([22m[2m1 test[22m[2m)[22m[33m 519[2mms[22m[39m
     [33m[2mΓ£ô[22m[39m prevents duplicate invoice creation under slow network [33m 514[2mms[22m[39m
 [31mΓ¥»[39m src/test/integration/InvoiceFlow.test.tsx [2m([22m[2m2 tests[22m[2m | [22m[31m2 failed[39m[2m)[22m[32m 66[2mms[22m[39m
[31m     [31m├ù[31m loads invoice number on mount[39m[32m 55[2mms[22m[39m
[31m     [31m├ù[31m renders the Create Invoice page successfully[39m[32m 6[2mms[22m[39m
 [32mΓ£ô[39m src/test/integration/Dashboard.test.tsx [2m([22m[2m2 tests[22m[2m)[22m[32m 251[2mms[22m[39m
node.exe : 
At line:1 char:1
+ & "C:\Program 
Files\nodejs/node.exe" 
"C:\Users\User\AppData\
Roaming\n ...
+ ~~~~~~~~~~~~~~~~~~~~~
~~~~~~~~~~~~~~~~~~~~~~~
~~~~~~~~~~~~~~~~~~~~~~~
~~
    + CategoryInfo     
         : NotSpecifi  
  ed: (:String) [],    
 RemoteException
    + FullyQualifiedEr 
   rorId : NativeComm  
  andError
 
[31mΓÄ»ΓÄ»ΓÄ»ΓÄ»ΓÄ»ΓÄ»
ΓÄ»[39m[1m[41m 
Failed Tests 7 [49m[2
2m[31mΓÄ»ΓÄ»ΓÄ»ΓÄ»ΓÄ»Γ
Ä»ΓÄ»[39m

[41m[1m FAIL 
[22m[49m src/test/int
egration/InvoiceFlow.te
st.tsx[2m > 
[22mInvoice Flow 
Integration[2m > 
[22mloads invoice 
number on mount
[41m[1m FAIL 
[22m[49m src/test/int
egration/InvoiceFlow.te
st.tsx[2m > 
[22mInvoice Flow 
Integration[2m > 
[22mrenders the 
Create Invoice page 
successfully
[31m[1mError[22m: 
useNavigate() may be 
used only in the 
context of a <Router> 
component.[39m
[90m [2mΓ¥»[22m 
invariant node_modules/
react-router-dom/node_m
odules/react-router/dis
t/development/chunk-UVK
PFVEO.mjs:[2m199:11[2
2m[39m
[90m [2mΓ¥»[22m 
useNavigateUnstable nod
e_modules/react-router-
dom/node_modules/react-
router/dist/development
/chunk-UVKPFVEO.mjs:[2
m5673:3[22m[39m
[90m [2mΓ¥»[22m 
useNavigate node_module
s/react-router-dom/node
_modules/react-router/d
ist/development/chunk-U
VKPFVEO.mjs:[2m5670:46
[22m[39m
[36m [2mΓ¥»[22m 
InvoiceForm src/feature
s/invoices/components/I
nvoiceForm.tsx:[2m23:2
0[22m[39m
    [90m 21|[39m   
[35mconst[39m { user 
} [33m=[39m [34museA
uth[39m()[33m;[39m
    [90m 22|[39m   
const { settings: 
globalBranding, 
storeInfo: 
currentStore, 
updateSetΓÇª
    [90m 23|[39m   
[35mconst[39m 
navigate [33m=[39m [
34museNavigate[39m()[
33m;[39m
    [90m   |[39m     
               
[31m^[39m
    [90m 24|[39m   
const getDraftKey = () 
=> (user ? `draft_${use
r.id}_new_invoice` : 
`ΓÇª
    [90m 25|[39m
[90m [2mΓ¥»[22m Obje
ct.react_stack_bottom_f
rame node_modules/react
-dom/cjs/react-dom-clie
nt.development.js:[2m2
5904:20[22m[39m
[90m [2mΓ¥»[22m 
renderWithHooks node_mo
dules/react-dom/cjs/rea
ct-dom-client.developme
nt.js:[2m7662:22[22m
[39m
[90m [2mΓ¥»[22m upda
teFunctionComponent nod
e_modules/react-dom/cjs
/react-dom-client.devel
opment.js:[2m10166:19
[22m[39m
[90m [2mΓ¥»[22m 
beginWork node_modules/
react-dom/cjs/react-dom
-client.development.js:
[2m11778:18[22m[39m
[90m [2mΓ¥»[22m 
runWithFiberInDEV node_
modules/react-dom/cjs/r
eact-dom-client.develop
ment.js:[2m874:13[22m
[39m
[90m [2mΓ¥»[22m 
performUnitOfWork node_
modules/react-dom/cjs/r
eact-dom-client.develop
ment.js:[2m17641:22[2
2m[39m

[31m[2mΓÄ»ΓÄ»ΓÄ»ΓÄ»ΓÄ
»ΓÄ»ΓÄ»ΓÄ»ΓÄ»ΓÄ»ΓÄ»ΓÄ»Γ
Ä»ΓÄ»ΓÄ»ΓÄ»ΓÄ»ΓÄ»ΓÄ»ΓÄ»
ΓÄ»ΓÄ»ΓÄ»ΓÄ»[1/7]ΓÄ»[2
2m[39m

[41m[1m FAIL 
[22m[49m src/shared/u
tils/storage.test.ts[2
m > [22mstorage 
utility[2m > 
[22mCustomers[2m > 
[22mcalls supabase.fro
m("customers") when 
saving a customer
[31m[1mAssertionError
[22m: expected 
"vi.fn()" to be called 
with arguments: [ 
'customers' ][90m

Number of calls: 
[1m0[22m
[31m[39m
[36m [2mΓ¥»[22m src/
shared/utils/storage.te
st.ts:[2m39:29[22m[3
9m
    [90m 37|[39m
    [90m 38|[39m     
  [35mawait[39m [34m
saveCustomer[39m(mockC
ustomer)[33m;[39m
    [90m 39|[39m     
  [34mexpect[39m(supa
base[33m.[39m[35mfro
m[39m)[33m.[39m[34m
toHaveBeenCalledWith[3
9m([32m'customers'[39
m)[33m;[39m
    [90m   |[39m     
                       
 [31m^[39m
    [90m 40|[39m     
})[33m;[39m
    [90m 41|[39m

[31m[2mΓÄ»ΓÄ»ΓÄ»ΓÄ»ΓÄ
»ΓÄ»ΓÄ»ΓÄ»ΓÄ»ΓÄ»ΓÄ»ΓÄ»Γ
Ä»ΓÄ»ΓÄ»ΓÄ»ΓÄ»ΓÄ»ΓÄ»ΓÄ»
ΓÄ»ΓÄ»ΓÄ»ΓÄ»[2/7]ΓÄ»[2
2m[39m

[41m[1m FAIL 
[22m[49m src/shared/u
tils/storage.test.ts[2
m > [22mstorage 
utility[2m > 
[22mCustomers[2m > 
[22mcalls supabase.fro
m("customers") when 
fetching customers
[31m[1mAssertionError
[22m: expected 
"vi.fn()" to be called 
with arguments: [ 
'customers' ][90m

Number of calls: 
[1m0[22m
[31m[39m
[36m [2mΓ¥»[22m src/
shared/utils/storage.te
st.ts:[2m45:29[22m[3
9m
    [90m 43|[39m     
  [35mconst[39m { 
getCustomers } 
[33m=[39m 
[35mawait[39m [35mim
port[39m([32m'./stora
ge'[39m)[33m;[39m
    [90m 44|[39m     
  [35mawait[39m [34m
getCustomers[39m([35m
true[39m)[33m;[39m
    [90m 45|[39m     
  [34mexpect[39m(supa
base[33m.[39m[35mfro
m[39m)[33m.[39m[34m
toHaveBeenCalledWith[3
9m([32m'customers'[39
m)[33m;[39m
    [90m   |[39m     
                       
 [31m^[39m
    [90m 46|[39m     
})[33m;[39m
    [90m 47|[39m   
})[33m;[39m

[31m[2mΓÄ»ΓÄ»ΓÄ»ΓÄ»ΓÄ
»ΓÄ»ΓÄ»ΓÄ»ΓÄ»ΓÄ»ΓÄ»ΓÄ»Γ
Ä»ΓÄ»ΓÄ»ΓÄ»ΓÄ»ΓÄ»ΓÄ»ΓÄ»
ΓÄ»ΓÄ»ΓÄ»ΓÄ»[3/7]ΓÄ»[2
2m[39m

[41m[1m FAIL 
[22m[49m src/shared/u
tils/storage.test.ts[2
m > [22mstorage 
utility[2m > 
[22mInvoices[2m > 
[22mcalls supabase.fro
m("invoices") when 
saving an invoice
[31m[1mAssertionError
[22m: expected 
"vi.fn()" to be called 
with arguments: [ 
'invoices' ][90m

Number of calls: 
[1m0[22m
[31m[39m
[36m [2mΓ¥»[22m src/
shared/utils/storage.te
st.ts:[2m81:29[22m[3
9m
    [90m 79|[39m
    [90m 80|[39m     
  [35mawait[39m [34m
saveInvoice[39m(mockIn
voice)[33m;[39m
    [90m 81|[39m     
  [34mexpect[39m(supa
base[33m.[39m[35mfro
m[39m)[33m.[39m[34m
toHaveBeenCalledWith[3
9m([32m'invoices'[39m
)[33m;[39m
    [90m   |[39m     
                       
 [31m^[39m
    [90m 82|[39m     
})[33m;[39m
    [90m 83|[39m

[31m[2mΓÄ»ΓÄ»ΓÄ»ΓÄ»ΓÄ
»ΓÄ»ΓÄ»ΓÄ»ΓÄ»ΓÄ»ΓÄ»ΓÄ»Γ
Ä»ΓÄ»ΓÄ»ΓÄ»ΓÄ»ΓÄ»ΓÄ»ΓÄ»
ΓÄ»ΓÄ»ΓÄ»ΓÄ»[4/7]ΓÄ»[2
2m[39m

[41m[1m FAIL 
[22m[49m src/shared/u
tils/storage.test.ts[2
m > [22mstorage 
utility[2m > 
[22mInvoices[2m > 
[22mcalls supabase.fro
m("invoices") when 
fetching invoices
[31m[1mAssertionError
[22m: expected 
"vi.fn()" to be called 
with arguments: [ 
'invoices' ][90m

Received:

[1m  1st vi.fn() call:

[22m[2m  [[22m
[32m-   
"invoices",[90m
[31m+   "stores",[90m
[2m  ][22m
[31m[90m

Number of calls: 
[1m1[22m
[31m[39m
[36m [2mΓ¥»[22m src/
shared/utils/storage.te
st.ts:[2m87:29[22m[3
9m
    [90m 85|[39m     
  [35mconst[39m { 
getInvoices } 
[33m=[39m 
[35mawait[39m [35mim
port[39m([32m'./stora
ge'[39m)[33m;[39m
    [90m 86|[39m     
  [35mawait[39m [34m
getInvoices[39m([35mt
rue[39m)[33m;[39m
    [90m 87|[39m     
  [34mexpect[39m(supa
base[33m.[39m[35mfro
m[39m)[33m.[39m[34m
toHaveBeenCalledWith[3
9m([32m'invoices'[39m
)[33m;[39m
    [90m   |[39m     
                       
 [31m^[39m
    [90m 88|[39m     
})[33m;[39m
    [90m 89|[39m   
})[33m;[39m

[31m[2mΓÄ»ΓÄ»ΓÄ»ΓÄ»ΓÄ
»ΓÄ»ΓÄ»ΓÄ»ΓÄ»ΓÄ»ΓÄ»ΓÄ»Γ
Ä»ΓÄ»ΓÄ»ΓÄ»ΓÄ»ΓÄ»ΓÄ»ΓÄ»
ΓÄ»ΓÄ»ΓÄ»ΓÄ»[5/7]ΓÄ»[2
2m[39m

[41m[1m FAIL 
[22m[49m src/shared/u
tils/storage.test.ts[2
m > [22mstorage 
utility[2m > 
[22mMulti-user 
Isolation[2m > 
[22mpasses different 
user IDs to supabase 
queries for different 
users
[31m[1mAssertionError
[22m: expected 
"vi.fn()" to be called 
with arguments: [ 
'customers' ][90m

Number of calls: 
[1m0[22m
[31m[39m
[36m [2mΓ¥»[22m src/
shared/utils/storage.te
st.ts:[2m101:29[22m[
39m
    [90m 99|[39m     
  window[33m.[39mloca
lStorage[33m.[39m[34
msetItem[39m([32m'use
r-A_active_store_id'[3
9m[33m,[39m [32m'sto
re-A'[39m)[33m;[39m
    [90m100|[39m     
  [35mawait[39m [34m
getCustomers[39m([35m
true[39m)[33m;[39m
    [90m101|[39m     
  [34mexpect[39m(supa
base[33m.[39m[35mfro
m[39m)[33m.[39m[34m
toHaveBeenCalledWith[3
9m([32m'customers'[39
m)[33m;[39m
    [90m   |[39m     
                       
 [31m^[39m
    [90m102|[39m
    [90m103|[39m     
  [90m// Re-clear and 
set User B[39m

[31m[2mΓÄ»ΓÄ»ΓÄ»ΓÄ»ΓÄ
»ΓÄ»ΓÄ»ΓÄ»ΓÄ»ΓÄ»ΓÄ»ΓÄ»Γ
Ä»ΓÄ»ΓÄ»ΓÄ»ΓÄ»ΓÄ»ΓÄ»ΓÄ»
ΓÄ»ΓÄ»ΓÄ»ΓÄ»[6/7]ΓÄ»[2
2m[39m


[2m Test Files [22m [1m[31m2 failed[39m[22m[2m | [22m[1m[32m6 passed[39m[22m[2m | [22m[33m1 skipped[39m[90m (9)[39m
[2m      Tests [22m [1m[31m7 failed[39m[22m[2m | [22m[1m[32m13 passed[39m[22m[2m | [22m[33m2 skipped[39m[90m (22)[39m
[2m   Start at [22m 10:37:01
[2m   Duration [22m 12.60s[2m (transform 3.48s, setup 13.04s, import 4.52s, tests 1.40s, environment 78.80s)[22m

