src/features/invoices/components/InvoiceForm.tsx(593,122): error TS7006: Parameter 'i' implicitly has an 'any' type.
